INFO students.apiview Student API logging test
INFO students.apiview Student API logging test
INFO students.apiview Student API logging test
INFO students.apiview Student API logging test
INFO students.apiview Student list API called
INFO students.apiview Student list API called
INFO students.apiview Student list API called
ERROR students.views 
INFO students.views Student Added Successfully
INFO students.apiview Starting student creation
INFO students.apiview Student created successfully: shubhangi
INFO students.apiview Transaction committed successfully for student: shubhangi
INFO students.apiview Starting student creation
INFO students.apiview Student created successfully: shubhangii
ERROR students.apiview Failed to create student
Traceback (most recent call last):
  File "C:\Users\DREAMWORLD\Desktop\Python\Student_management\students\apiview.py", line 135, in perform_create
    raise Exception("TESTING STUDENT CREATION ERROR")
Exception: TESTING STUDENT CREATION ERROR
INFO students.apiview Starting student creation
INFO students.apiview Student created successfully: shubhangii
ERROR students.apiview Failed to create student
Traceback (most recent call last):
  File "C:\Users\DREAMWORLD\Desktop\Python\Student_management\students\apiview.py", line 135, in perform_create
    raise Exception("TESTING STUDENT CREATION ERROR")
Exception: TESTING STUDENT CREATION ERROR
INFO students.apiview Starting student creation
INFO students.apiview Student created successfully: shubhangii
INFO students.apiview Transaction committed successfully for student: shubhangii
INFO students.views student deleted successfully
INFO students.views student deleted successfully
INFO students.views student deleted successfully
INFO students.views student deleted successfully
INFO students.views student deleted successfully
INFO students.views student deleted successfully
INFO students.views student deleted successfully
INFO students.views student deleted successfully
INFO students.views student deleted successfully
INFO students.views student deleted successfully
INFO students.apiview Starting student creation
INFO students.apiview Student created successfully: aastha
INFO students.apiview Starting student creation
INFO students.apiview Student created successfully: aasthaa
INFO students.apiview Student list API called
ERROR students.apiview Failed to create student
Traceback (most recent call last):
  File "C:\Users\DREAMWORLD\Desktop\Python\Student_management\studenv\Lib\site-packages\redis\connection.py", line 1055, in connect_check_health
    sock = self._connect()
  File "C:\Users\DREAMWORLD\Desktop\Python\Student_management\studenv\Lib\site-packages\redis\connection.py", line 1617, in _connect
    raise err
  File "C:\Users\DREAMWORLD\Desktop\Python\Student_management\studenv\Lib\site-packages\redis\connection.py", line 1601, in _connect
    sock.connect(socket_address)
    ~~~~~~~~~~~~^^^^^^^^^^^^^^^^
ConnectionRefusedError: [WinError 10061] No connection could be made because the target machine actively refused it

During handling of the above exception, another exception occurred:

Traceback (most recent call last):
  File "C:\Users\DREAMWORLD\Desktop\Python\Student_management\studenv\Lib\site-packages\celery\backends\asynchronous.py", line 349, in reconnect_on_error
    yield
  File "C:\Users\DREAMWORLD\Desktop\Python\Student_management\studenv\Lib\site-packages\celery\backends\redis.py", line 165, in _consume_from
    self._pubsub.subscribe(key)
    ~~~~~~~~~~~~~~~~~~~~~~^^^^^
  File "C:\Users\DREAMWORLD\Desktop\Python\Student_management\studenv\Lib\site-packages\redis\client.py", line 1507, in subscribe
    ret_val = self.execute_command("SUBSCRIBE", *new_channels.keys())
  File "C:\Users\DREAMWORLD\Desktop\Python\Student_management\studenv\Lib\site-packages\redis\client.py", line 1216, in execute_command
    self.connection = self.connection_pool.get_connection()
                      ~~~~~~~~~~~~~~~~~~~~~~~~~~~~~~~~~~~^^
  File "C:\Users\DREAMWORLD\Desktop\Python\Student_management\studenv\Lib\site-packages\redis\utils.py", line 258, in wrapper
    return func(*args, **kwargs)
  File "C:\Users\DREAMWORLD\Desktop\Python\Student_management\studenv\Lib\site-packages\redis\connection.py", line 3273, in get_connection
    connection.connect()
    ~~~~~~~~~~~~~~~~~~^^
  File "C:\Users\DREAMWORLD\Desktop\Python\Student_management\studenv\Lib\site-packages\redis\connection.py", line 1028, in connect
    self.retry.call_with_retry(
    ~~~~~~~~~~~~~~~~~~~~~~~~~~^
        lambda: self.connect_check_health(
        ^^^^^^^^^^^^^^^^^^^^^^^^^^^^^^^^^^
    ...<2 lines>...
        lambda error: self.disconnect(error),
        ^^^^^^^^^^^^^^^^^^^^^^^^^^^^^^^^^^^^^
    )
    ^
  File "C:\Users\DREAMWORLD\Desktop\Python\Student_management\studenv\Lib\site-packages\redis\retry.py", line 132, in call_with_retry
    raise error
  File "C:\Users\DREAMWORLD\Desktop\Python\Student_management\studenv\Lib\site-packages\redis\retry.py", line 120, in call_with_retry
    return do()
  File "C:\Users\DREAMWORLD\Desktop\Python\Student_management\studenv\Lib\site-packages\redis\connection.py", line 1029, in <lambda>
    lambda: self.connect_check_health(
            ~~~~~~~~~~~~~~~~~~~~~~~~~^
        check_health=True, retry_socket_connect=False
        ^^^^^^^^^^^^^^^^^^^^^^^^^^^^^^^^^^^^^^^^^^^^^
    ),
    ^
  File "C:\Users\DREAMWORLD\Desktop\Python\Student_management\studenv\Lib\site-packages\redis\connection.py", line 1077, in connect_check_health
    raise e
redis.exceptions.ConnectionError: Error 10061 connecting to localhost:6379. No connection could be made because the target machine actively refused it.

During handling of the above exception, another exception occurred:

Traceback (most recent call last):
  File "C:\Users\DREAMWORLD\Desktop\Python\Student_management\studenv\Lib\site-packages\redis\connection.py", line 1055, in connect_check_health
    sock = self._connect()
  File "C:\Users\DREAMWORLD\Desktop\Python\Student_management\studenv\Lib\site-packages\redis\connection.py", line 1617, in _connect
    raise err
  File "C:\Users\DREAMWORLD\Desktop\Python\Student_management\studenv\Lib\site-packages\redis\connection.py", line 1601, in _connect
    sock.connect(socket_address)
    ~~~~~~~~~~~~^^^^^^^^^^^^^^^^
ConnectionRefusedError: [WinError 10061] No connection could be made because the target machine actively refused it

During handling of the above exception, another exception occurred:

Traceback (most recent call last):
  File "C:\Users\DREAMWORLD\Desktop\Python\Student_management\studenv\Lib\site-packages\celery\backends\asynchronous.py", line 352, in reconnect_on_error
    self._reconnect()
    ~~~~~~~~~~~~~~~^^
  File "C:\Users\DREAMWORLD\Desktop\Python\Student_management\studenv\Lib\site-packages\celery\backends\redis.py", line 121, in _reconnect
    self._ensure(self._reconnect_pubsub, ())
    ~~~~~~~~~~~~^^^^^^^^^^^^^^^^^^^^^^^^^^^^
  File "C:\Users\DREAMWORLD\Desktop\Python\Student_management\studenv\Lib\site-packages\celery\backends\redis.py", line 413, in ensure
    return retry_over_time(
        fun, self.connection_errors, args, {},
        partial(self.on_connection_error, max_retries),
        **retry_policy)
  File "C:\Users\DREAMWORLD\Desktop\Python\Student_management\studenv\Lib\site-packages\kombu\utils\functional.py", line 318, in retry_over_time
    return fun(*args, **kwargs)
  File "C:\Users\DREAMWORLD\Desktop\Python\Student_management\studenv\Lib\site-packages\celery\backends\redis.py", line 103, in _reconnect_pubsub
    metas = self.backend.client.mget(self.subscribed_to)
  File "C:\Users\DREAMWORLD\Desktop\Python\Student_management\studenv\Lib\site-packages\redis\commands\core.py", line 3779, in mget
    return self.execute_command("MGET", *args, **options)
           ~~~~~~~~~~~~~~~~~~~~^^^^^^^^^^^^^^^^^^^^^^^^^^
  File "C:\Users\DREAMWORLD\Desktop\Python\Student_management\studenv\Lib\site-packages\sentry_sdk\integrations\redis\_sync_common.py", line 199, in sentry_patched_execute_command
    value = old_execute_command(self, name, *args, **kwargs)
  File "C:\Users\DREAMWORLD\Desktop\Python\Student_management\studenv\Lib\site-packages\redis\client.py", line 867, in execute_command
    return self._execute_command(*args, **options)
           ~~~~~~~~~~~~~~~~~~~~~^^^^^^^^^^^^^^^^^^
  File "C:\Users\DREAMWORLD\Desktop\Python\Student_management\studenv\Lib\site-packages\redis\client.py", line 873, in _execute_command
    conn = self.connection or pool.get_connection()
                              ~~~~~~~~~~~~~~~~~~~^^
  File "C:\Users\DREAMWORLD\Desktop\Python\Student_management\studenv\Lib\site-packages\redis\utils.py", line 258, in wrapper
    return func(*args, **kwargs)
  File "C:\Users\DREAMWORLD\Desktop\Python\Student_management\studenv\Lib\site-packages\redis\connection.py", line 3273, in get_connection
    connection.connect()
    ~~~~~~~~~~~~~~~~~~^^
  File "C:\Users\DREAMWORLD\Desktop\Python\Student_management\studenv\Lib\site-packages\redis\connection.py", line 1028, in connect
    self.retry.call_with_retry(
    ~~~~~~~~~~~~~~~~~~~~~~~~~~^
        lambda: self.connect_check_health(
        ^^^^^^^^^^^^^^^^^^^^^^^^^^^^^^^^^^
    ...<2 lines>...
        lambda error: self.disconnect(error),
        ^^^^^^^^^^^^^^^^^^^^^^^^^^^^^^^^^^^^^
    )
    ^
  File "C:\Users\DREAMWORLD\Desktop\Python\Student_management\studenv\Lib\site-packages\redis\retry.py", line 132, in call_with_retry
    raise error
  File "C:\Users\DREAMWORLD\Desktop\Python\Student_management\studenv\Lib\site-packages\redis\retry.py", line 120, in call_with_retry
    return do()
  File "C:\Users\DREAMWORLD\Desktop\Python\Student_management\studenv\Lib\site-packages\redis\connection.py", line 1029, in <lambda>
    lambda: self.connect_check_health(
            ~~~~~~~~~~~~~~~~~~~~~~~~~^
        check_health=True, retry_socket_connect=False
        ^^^^^^^^^^^^^^^^^^^^^^^^^^^^^^^^^^^^^^^^^^^^^
    ),
    ^
  File "C:\Users\DREAMWORLD\Desktop\Python\Student_management\studenv\Lib\site-packages\redis\connection.py", line 1077, in connect_check_health
    raise e
redis.exceptions.ConnectionError: Error 10061 connecting to localhost:6379. No connection could be made because the target machine actively refused it.

The above exception was the direct cause of the following exception:

Traceback (most recent call last):
  File "C:\Users\DREAMWORLD\Desktop\Python\Student_management\students\apiview.py", line 128, in perform_create
    with transaction.atomic():
         ~~~~~~~~~~~~~~~~~~^^
  File "C:\Users\DREAMWORLD\Desktop\Python\Student_management\studenv\Lib\site-packages\django\db\transaction.py", line 307, in __exit__
    connection.set_autocommit(True)
    ~~~~~~~~~~~~~~~~~~~~~~~~~^^^^^^
  File "C:\Users\DREAMWORLD\Desktop\Python\Student_management\studenv\Lib\site-packages\django\db\backends\base\base.py", line 491, in set_autocommit
    self.run_and_clear_commit_hooks()
    ~~~~~~~~~~~~~~~~~~~~~~~~~~~~~~~^^
  File "C:\Users\DREAMWORLD\Desktop\Python\Student_management\studenv\Lib\site-packages\django\db\backends\base\base.py", line 769, in run_and_clear_commit_hooks
    func()
    ~~~~^^
  File "C:\Users\DREAMWORLD\Desktop\Python\Student_management\students\apiview.py", line 138, in <lambda>
    lambda: send_welcome_message.delay(
            ~~~~~~~~~~~~~~~~~~~~~~~~~~^
        student.email,
        ^^^^^^^^^^^^^^
        student.name
        ^^^^^^^^^^^^
    )
    ^
  File "C:\Users\DREAMWORLD\Desktop\Python\Student_management\studenv\Lib\site-packages\celery\app\task.py", line 463, in delay
    return self.apply_async(args, kwargs)
           ~~~~~~~~~~~~~~~~^^^^^^^^^^^^^^
  File "C:\Users\DREAMWORLD\Desktop\Python\Student_management\studenv\Lib\site-packages\sentry_sdk\integrations\celery\__init__.py", line 318, in apply_async
    return f(*args, **kwargs)
  File "C:\Users\DREAMWORLD\Desktop\Python\Student_management\studenv\Lib\site-packages\celery\app\task.py", line 627, in apply_async
    return app.send_task(
           ~~~~~~~~~~~~~^
        self.name, args, kwargs, task_id=task_id, producer=producer,
        ^^^^^^^^^^^^^^^^^^^^^^^^^^^^^^^^^^^^^^^^^^^^^^^^^^^^^^^^^^^^
    ...<2 lines>...
        **options
        ^^^^^^^^^
    )
    ^
  File "C:\Users\DREAMWORLD\Desktop\Python\Student_management\studenv\Lib\site-packages\sentry_sdk\integrations\celery\__init__.py", line 318, in apply_async
    return f(*args, **kwargs)
  File "C:\Users\DREAMWORLD\Desktop\Python\Student_management\studenv\Lib\site-packages\celery\app\base.py", line 968, in send_task
    self.backend.on_task_call(P, task_id)
    ~~~~~~~~~~~~~~~~~~~~~~~~~^^^^^^^^^^^^
  File "C:\Users\DREAMWORLD\Desktop\Python\Student_management\studenv\Lib\site-packages\celery\backends\redis.py", line 402, in on_task_call
    self.result_consumer.consume_from(task_id)
    ~~~~~~~~~~~~~~~~~~~~~~~~~~~~~~~~~^^^^^^^^^
  File "C:\Users\DREAMWORLD\Desktop\Python\Student_management\studenv\Lib\site-packages\celery\backends\redis.py", line 157, in consume_from
    return self.start(task_id)
           ~~~~~~~~~~^^^^^^^^^
  File "C:\Users\DREAMWORLD\Desktop\Python\Student_management\studenv\Lib\site-packages\celery\backends\redis.py", line 135, in start
    self._consume_from(initial_task_id)
    ~~~~~~~~~~~~~~~~~~^^^^^^^^^^^^^^^^^
  File "C:\Users\DREAMWORLD\Desktop\Python\Student_management\studenv\Lib\site-packages\celery\backends\redis.py", line 164, in _consume_from
    with self.reconnect_on_error():
         ~~~~~~~~~~~~~~~~~~~~~~~^^
  File "C:\Users\DREAMWORLD\AppData\Local\Programs\Python\Python314\Lib\contextlib.py", line 162, in __exit__
    self.gen.throw(value)
    ~~~~~~~~~~~~~~^^^^^^^
  File "C:\Users\DREAMWORLD\Desktop\Python\Student_management\studenv\Lib\site-packages\celery\backends\asynchronous.py", line 355, in reconnect_on_error
    raise RuntimeError(E_RETRY_LIMIT_EXCEEDED) from exc
RuntimeError: 
Retry limit exceeded while trying to reconnect to the Celery result store
backend. The Celery application must be restarted.

INFO students.apiview Student list API called
INFO students.apiview Student list API called
INFO students.apiview Student list API called
ERROR students.apiview Failed to create student
Traceback (most recent call last):
  File "C:\Users\DREAMWORLD\Desktop\Python\Student_management\studenv\Lib\site-packages\redis\connection.py", line 1055, in connect_check_health
    sock = self._connect()
  File "C:\Users\DREAMWORLD\Desktop\Python\Student_management\studenv\Lib\site-packages\redis\connection.py", line 1617, in _connect
    raise err
  File "C:\Users\DREAMWORLD\Desktop\Python\Student_management\studenv\Lib\site-packages\redis\connection.py", line 1601, in _connect
    sock.connect(socket_address)
    ~~~~~~~~~~~~^^^^^^^^^^^^^^^^
ConnectionRefusedError: [WinError 10061] No connection could be made because the target machine actively refused it

During handling of the above exception, another exception occurred:

Traceback (most recent call last):
  File "C:\Users\DREAMWORLD\Desktop\Python\Student_management\studenv\Lib\site-packages\celery\backends\asynchronous.py", line 349, in reconnect_on_error
    yield
  File "C:\Users\DREAMWORLD\Desktop\Python\Student_management\studenv\Lib\site-packages\celery\backends\redis.py", line 165, in _consume_from
    self._pubsub.subscribe(key)
    ~~~~~~~~~~~~~~~~~~~~~~^^^^^
  File "C:\Users\DREAMWORLD\Desktop\Python\Student_management\studenv\Lib\site-packages\redis\client.py", line 1507, in subscribe
    ret_val = self.execute_command("SUBSCRIBE", *new_channels.keys())
  File "C:\Users\DREAMWORLD\Desktop\Python\Student_management\studenv\Lib\site-packages\redis\client.py", line 1216, in execute_command
    self.connection = self.connection_pool.get_connection()
                      ~~~~~~~~~~~~~~~~~~~~~~~~~~~~~~~~~~~^^
  File "C:\Users\DREAMWORLD\Desktop\Python\Student_management\studenv\Lib\site-packages\redis\utils.py", line 258, in wrapper
    return func(*args, **kwargs)
  File "C:\Users\DREAMWORLD\Desktop\Python\Student_management\studenv\Lib\site-packages\redis\connection.py", line 3273, in get_connection
    connection.connect()
    ~~~~~~~~~~~~~~~~~~^^
  File "C:\Users\DREAMWORLD\Desktop\Python\Student_management\studenv\Lib\site-packages\redis\connection.py", line 1028, in connect
    self.retry.call_with_retry(
    ~~~~~~~~~~~~~~~~~~~~~~~~~~^
        lambda: self.connect_check_health(
        ^^^^^^^^^^^^^^^^^^^^^^^^^^^^^^^^^^
    ...<2 lines>...
        lambda error: self.disconnect(error),
        ^^^^^^^^^^^^^^^^^^^^^^^^^^^^^^^^^^^^^
    )
    ^
  File "C:\Users\DREAMWORLD\Desktop\Python\Student_management\studenv\Lib\site-packages\redis\retry.py", line 132, in call_with_retry
    raise error
  File "C:\Users\DREAMWORLD\Desktop\Python\Student_management\studenv\Lib\site-packages\redis\retry.py", line 120, in call_with_retry
    return do()
  File "C:\Users\DREAMWORLD\Desktop\Python\Student_management\studenv\Lib\site-packages\redis\connection.py", line 1029, in <lambda>
    lambda: self.connect_check_health(
            ~~~~~~~~~~~~~~~~~~~~~~~~~^
        check_health=True, retry_socket_connect=False
        ^^^^^^^^^^^^^^^^^^^^^^^^^^^^^^^^^^^^^^^^^^^^^
    ),
    ^
  File "C:\Users\DREAMWORLD\Desktop\Python\Student_management\studenv\Lib\site-packages\redis\connection.py", line 1077, in connect_check_health
    raise e
redis.exceptions.ConnectionError: Error 10061 connecting to localhost:6379. No connection could be made because the target machine actively refused it.

During handling of the above exception, another exception occurred:

Traceback (most recent call last):
  File "C:\Users\DREAMWORLD\Desktop\Python\Student_management\studenv\Lib\site-packages\redis\connection.py", line 1055, in connect_check_health
    sock = self._connect()
  File "C:\Users\DREAMWORLD\Desktop\Python\Student_management\studenv\Lib\site-packages\redis\connection.py", line 1617, in _connect
    raise err
  File "C:\Users\DREAMWORLD\Desktop\Python\Student_management\studenv\Lib\site-packages\redis\connection.py", line 1601, in _connect
    sock.connect(socket_address)
    ~~~~~~~~~~~~^^^^^^^^^^^^^^^^
ConnectionRefusedError: [WinError 10061] No connection could be made because the target machine actively refused it

During handling of the above exception, another exception occurred:

Traceback (most recent call last):
  File "C:\Users\DREAMWORLD\Desktop\Python\Student_management\studenv\Lib\site-packages\celery\backends\asynchronous.py", line 352, in reconnect_on_error
    self._reconnect()
    ~~~~~~~~~~~~~~~^^
  File "C:\Users\DREAMWORLD\Desktop\Python\Student_management\studenv\Lib\site-packages\celery\backends\redis.py", line 121, in _reconnect
    self._ensure(self._reconnect_pubsub, ())
    ~~~~~~~~~~~~^^^^^^^^^^^^^^^^^^^^^^^^^^^^
  File "C:\Users\DREAMWORLD\Desktop\Python\Student_management\studenv\Lib\site-packages\celery\backends\redis.py", line 413, in ensure
    return retry_over_time(
        fun, self.connection_errors, args, {},
        partial(self.on_connection_error, max_retries),
        **retry_policy)
  File "C:\Users\DREAMWORLD\Desktop\Python\Student_management\studenv\Lib\site-packages\kombu\utils\functional.py", line 318, in retry_over_time
    return fun(*args, **kwargs)
  File "C:\Users\DREAMWORLD\Desktop\Python\Student_management\studenv\Lib\site-packages\celery\backends\redis.py", line 103, in _reconnect_pubsub
    metas = self.backend.client.mget(self.subscribed_to)
  File "C:\Users\DREAMWORLD\Desktop\Python\Student_management\studenv\Lib\site-packages\redis\commands\core.py", line 3779, in mget
    return self.execute_command("MGET", *args, **options)
           ~~~~~~~~~~~~~~~~~~~~^^^^^^^^^^^^^^^^^^^^^^^^^^
  File "C:\Users\DREAMWORLD\Desktop\Python\Student_management\studenv\Lib\site-packages\sentry_sdk\integrations\redis\_sync_common.py", line 199, in sentry_patched_execute_command
    value = old_execute_command(self, name, *args, **kwargs)
  File "C:\Users\DREAMWORLD\Desktop\Python\Student_management\studenv\Lib\site-packages\redis\client.py", line 867, in execute_command
    return self._execute_command(*args, **options)
           ~~~~~~~~~~~~~~~~~~~~~^^^^^^^^^^^^^^^^^^
  File "C:\Users\DREAMWORLD\Desktop\Python\Student_management\studenv\Lib\site-packages\redis\client.py", line 873, in _execute_command
    conn = self.connection or pool.get_connection()
                              ~~~~~~~~~~~~~~~~~~~^^
  File "C:\Users\DREAMWORLD\Desktop\Python\Student_management\studenv\Lib\site-packages\redis\utils.py", line 258, in wrapper
    return func(*args, **kwargs)
  File "C:\Users\DREAMWORLD\Desktop\Python\Student_management\studenv\Lib\site-packages\redis\connection.py", line 3273, in get_connection
    connection.connect()
    ~~~~~~~~~~~~~~~~~~^^
  File "C:\Users\DREAMWORLD\Desktop\Python\Student_management\studenv\Lib\site-packages\redis\connection.py", line 1028, in connect
    self.retry.call_with_retry(
    ~~~~~~~~~~~~~~~~~~~~~~~~~~^
        lambda: self.connect_check_health(
        ^^^^^^^^^^^^^^^^^^^^^^^^^^^^^^^^^^
    ...<2 lines>...
        lambda error: self.disconnect(error),
        ^^^^^^^^^^^^^^^^^^^^^^^^^^^^^^^^^^^^^
    )
    ^
  File "C:\Users\DREAMWORLD\Desktop\Python\Student_management\studenv\Lib\site-packages\redis\retry.py", line 132, in call_with_retry
    raise error
  File "C:\Users\DREAMWORLD\Desktop\Python\Student_management\studenv\Lib\site-packages\redis\retry.py", line 120, in call_with_retry
    return do()
  File "C:\Users\DREAMWORLD\Desktop\Python\Student_management\studenv\Lib\site-packages\redis\connection.py", line 1029, in <lambda>
    lambda: self.connect_check_health(
            ~~~~~~~~~~~~~~~~~~~~~~~~~^
        check_health=True, retry_socket_connect=False
        ^^^^^^^^^^^^^^^^^^^^^^^^^^^^^^^^^^^^^^^^^^^^^
    ),
    ^
  File "C:\Users\DREAMWORLD\Desktop\Python\Student_management\studenv\Lib\site-packages\redis\connection.py", line 1077, in connect_check_health
    raise e
redis.exceptions.ConnectionError: Error 10061 connecting to localhost:6379. No connection could be made because the target machine actively refused it.

The above exception was the direct cause of the following exception:

Traceback (most recent call last):
  File "C:\Users\DREAMWORLD\Desktop\Python\Student_management\students\apiview.py", line 128, in perform_create
    with transaction.atomic():
         ~~~~~~~~~~~~~~~~~~^^
  File "C:\Users\DREAMWORLD\Desktop\Python\Student_management\studenv\Lib\site-packages\django\db\transaction.py", line 307, in __exit__
    connection.set_autocommit(True)
    ~~~~~~~~~~~~~~~~~~~~~~~~~^^^^^^
  File "C:\Users\DREAMWORLD\Desktop\Python\Student_management\studenv\Lib\site-packages\django\db\backends\base\base.py", line 491, in set_autocommit
    self.run_and_clear_commit_hooks()
    ~~~~~~~~~~~~~~~~~~~~~~~~~~~~~~~^^
  File "C:\Users\DREAMWORLD\Desktop\Python\Student_management\studenv\Lib\site-packages\django\db\backends\base\base.py", line 769, in run_and_clear_commit_hooks
    func()
    ~~~~^^
  File "C:\Users\DREAMWORLD\Desktop\Python\Student_management\students\apiview.py", line 138, in <lambda>
    lambda: send_welcome_message.delay(
            ~~~~~~~~~~~~~~~~~~~~~~~~~~^
        student.email,
        ^^^^^^^^^^^^^^
        student.name
        ^^^^^^^^^^^^
    )
    ^
  File "C:\Users\DREAMWORLD\Desktop\Python\Student_management\studenv\Lib\site-packages\celery\app\task.py", line 463, in delay
    return self.apply_async(args, kwargs)
           ~~~~~~~~~~~~~~~~^^^^^^^^^^^^^^
  File "C:\Users\DREAMWORLD\Desktop\Python\Student_management\studenv\Lib\site-packages\sentry_sdk\integrations\celery\__init__.py", line 318, in apply_async
    return f(*args, **kwargs)
  File "C:\Users\DREAMWORLD\Desktop\Python\Student_management\studenv\Lib\site-packages\celery\app\task.py", line 627, in apply_async
    return app.send_task(
           ~~~~~~~~~~~~~^
        self.name, args, kwargs, task_id=task_id, producer=producer,
        ^^^^^^^^^^^^^^^^^^^^^^^^^^^^^^^^^^^^^^^^^^^^^^^^^^^^^^^^^^^^
    ...<2 lines>...
        **options
        ^^^^^^^^^
    )
    ^
  File "C:\Users\DREAMWORLD\Desktop\Python\Student_management\studenv\Lib\site-packages\sentry_sdk\integrations\celery\__init__.py", line 318, in apply_async
    return f(*args, **kwargs)
  File "C:\Users\DREAMWORLD\Desktop\Python\Student_management\studenv\Lib\site-packages\celery\app\base.py", line 968, in send_task
    self.backend.on_task_call(P, task_id)
    ~~~~~~~~~~~~~~~~~~~~~~~~~^^^^^^^^^^^^
  File "C:\Users\DREAMWORLD\Desktop\Python\Student_management\studenv\Lib\site-packages\celery\backends\redis.py", line 402, in on_task_call
    self.result_consumer.consume_from(task_id)
    ~~~~~~~~~~~~~~~~~~~~~~~~~~~~~~~~~^^^^^^^^^
  File "C:\Users\DREAMWORLD\Desktop\Python\Student_management\studenv\Lib\site-packages\celery\backends\redis.py", line 157, in consume_from
    return self.start(task_id)
           ~~~~~~~~~~^^^^^^^^^
  File "C:\Users\DREAMWORLD\Desktop\Python\Student_management\studenv\Lib\site-packages\celery\backends\redis.py", line 135, in start
    self._consume_from(initial_task_id)
    ~~~~~~~~~~~~~~~~~~^^^^^^^^^^^^^^^^^
  File "C:\Users\DREAMWORLD\Desktop\Python\Student_management\studenv\Lib\site-packages\celery\backends\redis.py", line 164, in _consume_from
    with self.reconnect_on_error():
         ~~~~~~~~~~~~~~~~~~~~~~~^^
  File "C:\Users\DREAMWORLD\AppData\Local\Programs\Python\Python314\Lib\contextlib.py", line 162, in __exit__
    self.gen.throw(value)
    ~~~~~~~~~~~~~~^^^^^^^
  File "C:\Users\DREAMWORLD\Desktop\Python\Student_management\studenv\Lib\site-packages\celery\backends\asynchronous.py", line 355, in reconnect_on_error
    raise RuntimeError(E_RETRY_LIMIT_EXCEEDED) from exc
RuntimeError: 
Retry limit exceeded while trying to reconnect to the Celery result store
backend. The Celery application must be restarted.

INFO students.views Document uploaded successfully
INFO students.apiview Student list CACHE MISS
INFO students.apiview Student list CACHE HIT
INFO students.apiview Student list CACHE MISS
INFO students.apiview Student list CACHE MISS
INFO students.apiview Student list CACHE HIT
INFO students.apiview Student list CACHE MISS
ERROR students.views 
ERROR students.views 
INFO students.views Document uploaded successfully
INFO students.views Document uploaded successfully
ERROR students.views 
INFO students.views Document uploaded successfully
INFO students.apiview Student list CACHE MISS
INFO students.views student deleted successfully
INFO students.apiview Starting student creation
INFO students.apiview Student created successfully: disha
INFO students.apiview Transaction committed successfully for student: disha
INFO students.apiview Student list CACHE MISS
INFO students.apiview Student list CACHE MISS
INFO students.apiview Student list CACHE MISS
INFO students.apiview Starting student creation
INFO students.apiview Student created successfully: drashti
INFO students.apiview Transaction committed successfully for student: drashti
ERROR students.exceptions Unhandled exception occurred
Traceback (most recent call last):
  File "C:\Users\DREAMWORLD\Desktop\Python\Student_management\studenv\Lib\site-packages\rest_framework\views.py", line 512, in dispatch
    response = handler(request, *args, **kwargs)
TypeError: StudentViewSet.profile() got an unexpected keyword argument 'version'
INFO students.apiview Student list CACHE MISS
ERROR students.exceptions Unhandled exception occurred
Traceback (most recent call last):
  File "C:\Users\DREAMWORLD\Desktop\Python\Student_management\studenv\Lib\site-packages\rest_framework\views.py", line 512, in dispatch
    response = handler(request, *args, **kwargs)
TypeError: StudentViewSet.profile() got an unexpected keyword argument 'version'
ERROR students.exceptions Unhandled exception occurred
Traceback (most recent call last):
  File "C:\Users\DREAMWORLD\Desktop\Python\Student_management\studenv\Lib\site-packages\rest_framework\views.py", line 512, in dispatch
    response = handler(request, *args, **kwargs)
TypeError: StudentViewSet.profile() got an unexpected keyword argument 'version'
ERROR students.exceptions Unhandled exception occurred
Traceback (most recent call last):
  File "C:\Users\DREAMWORLD\Desktop\Python\Student_management\studenv\Lib\site-packages\rest_framework\views.py", line 512, in dispatch
    response = handler(request, *args, **kwargs)
TypeError: StudentViewSet.profile() got an unexpected keyword argument 'version'
INFO students.apiview Student list CACHE MISS
ERROR students.exceptions Unhandled exception occurred
Traceback (most recent call last):
  File "C:\Users\DREAMWORLD\Desktop\Python\Student_management\studenv\Lib\site-packages\rest_framework\views.py", line 512, in dispatch
    response = handler(request, *args, **kwargs)
TypeError: StudentViewSet.profile() got an unexpected keyword argument 'version'
ERROR students.exceptions Unhandled exception occurred
Traceback (most recent call last):
  File "C:\Users\DREAMWORLD\Desktop\Python\Student_management\studenv\Lib\site-packages\rest_framework\views.py", line 512, in dispatch
    response = handler(request, *args, **kwargs)
TypeError: StudentViewSet.profile() got an unexpected keyword argument 'version'
ERROR students.exceptions Unhandled exception occurred
Traceback (most recent call last):
  File "C:\Users\DREAMWORLD\Desktop\Python\Student_management\studenv\Lib\site-packages\rest_framework\views.py", line 512, in dispatch
    response = handler(request, *args, **kwargs)
TypeError: StudentViewSet.profile() got an unexpected keyword argument 'version'
ERROR students.exceptions Unhandled exception occurred
Traceback (most recent call last):
  File "C:\Users\DREAMWORLD\Desktop\Python\Student_management\studenv\Lib\site-packages\rest_framework\views.py", line 512, in dispatch
    response = handler(request, *args, **kwargs)
TypeError: StudentViewSet.profile() got an unexpected keyword argument 'version'
ERROR students.exceptions Unhandled exception occurred
Traceback (most recent call last):
  File "C:\Users\DREAMWORLD\Desktop\Python\Student_management\studenv\Lib\site-packages\rest_framework\views.py", line 512, in dispatch
    response = handler(request, *args, **kwargs)
TypeError: StudentViewSet.profile() got an unexpected keyword argument 'version'
INFO students.apiview Student list CACHE MISS
INFO students.apiview Student list CACHE MISS
INFO students.apiview Student list CACHE HIT
ERROR students.exceptions Unhandled exception occurred
Traceback (most recent call last):
  File "C:\Users\DREAMWORLD\Desktop\Python\Student_management\studenv\Lib\site-packages\django_redis\cache.py", line 48, in _decorator
    return method(self, *args, **kwargs)
  File "C:\Users\DREAMWORLD\Desktop\Python\Student_management\studenv\Lib\site-packages\django_redis\cache.py", line 124, in _get
    return self.client.get(key, default=default, version=version, client=client)
           ~~~~~~~~~~~~~~~^^^^^^^^^^^^^^^^^^^^^^^^^^^^^^^^^^^^^^^^^^^^^^^^^^^^^^
  File "C:\Users\DREAMWORLD\Desktop\Python\Student_management\studenv\Lib\site-packages\django_redis\client\default.py", line 362, in get
    raise ConnectionInterrupted(connection=client) from e
django_redis.exceptions.ConnectionInterrupted: Redis ConnectionError: Error 10061 connecting to 127.0.0.1:6379. No connection could be made because the target machine actively refused it.

During handling of the above exception, another exception occurred:

Traceback (most recent call last):
  File "C:\Users\DREAMWORLD\Desktop\Python\Student_management\studenv\Lib\site-packages\rest_framework\views.py", line 503, in dispatch
    self.initial(request, *args, **kwargs)
    ~~~~~~~~~~~~^^^^^^^^^^^^^^^^^^^^^^^^^^
  File "C:\Users\DREAMWORLD\Desktop\Python\Student_management\studenv\Lib\site-packages\sentry_sdk\integrations\django\__init__.py", line 342, in sentry_patched_drf_initial
    return old_drf_initial(self, request, *args, **kwargs)
  File "C:\Users\DREAMWORLD\Desktop\Python\Student_management\studenv\Lib\site-packages\rest_framework\views.py", line 422, in initial
    self.check_throttles(request)
    ~~~~~~~~~~~~~~~~~~~~^^^^^^^^^
  File "C:\Users\DREAMWORLD\Desktop\Python\Student_management\studenv\Lib\site-packages\rest_framework\views.py", line 365, in check_throttles
    if not throttle.allow_request(request, self):
           ~~~~~~~~~~~~~~~~~~~~~~^^^^^^^^^^^^^^^
  File "C:\Users\DREAMWORLD\Desktop\Python\Student_management\studenv\Lib\site-packages\rest_framework\throttling.py", line 123, in allow_request
    self.history = self.cache.get(self.key, [])
                   ~~~~~~~~~~~~~~^^^^^^^^^^^^^^
  File "C:\Users\DREAMWORLD\Desktop\Python\Student_management\studenv\Lib\site-packages\django_redis\cache.py", line 117, in get
    value = self._get(key, default, version, client)
  File "C:\Users\DREAMWORLD\Desktop\Python\Student_management\studenv\Lib\site-packages\django_redis\cache.py", line 55, in _decorator
    raise e.__cause__  # type: ignore[misc] # noqa: B904
    ^^^^^^^^^^^^^^^^^
  File "C:\Users\DREAMWORLD\Desktop\Python\Student_management\studenv\Lib\site-packages\django_redis\client\default.py", line 360, in get
    value = client.get(key)
  File "C:\Users\DREAMWORLD\Desktop\Python\Student_management\studenv\Lib\site-packages\redis\commands\core.py", line 3200, in get
    return self.execute_command("GET", name, keys=[name])
           ~~~~~~~~~~~~~~~~~~~~^^^^^^^^^^^^^^^^^^^^^^^^^^
  File "C:\Users\DREAMWORLD\Desktop\Python\Student_management\studenv\Lib\site-packages\sentry_sdk\integrations\redis\_sync_common.py", line 199, in sentry_patched_execute_command
    value = old_execute_command(self, name, *args, **kwargs)
  File "C:\Users\DREAMWORLD\Desktop\Python\Student_management\studenv\Lib\site-packages\redis\client.py", line 867, in execute_command
    return self._execute_command(*args, **options)
           ~~~~~~~~~~~~~~~~~~~~~^^^^^^^^^^^^^^^^^^
  File "C:\Users\DREAMWORLD\Desktop\Python\Student_management\studenv\Lib\site-packages\redis\client.py", line 873, in _execute_command
    conn = self.connection or pool.get_connection()
                              ~~~~~~~~~~~~~~~~~~~^^
  File "C:\Users\DREAMWORLD\Desktop\Python\Student_management\studenv\Lib\site-packages\redis\utils.py", line 258, in wrapper
    return func(*args, **kwargs)
  File "C:\Users\DREAMWORLD\Desktop\Python\Student_management\studenv\Lib\site-packages\redis\connection.py", line 3273, in get_connection
    connection.connect()
    ~~~~~~~~~~~~~~~~~~^^
  File "C:\Users\DREAMWORLD\Desktop\Python\Student_management\studenv\Lib\site-packages\redis\connection.py", line 1028, in connect
    self.retry.call_with_retry(
    ~~~~~~~~~~~~~~~~~~~~~~~~~~^
        lambda: self.connect_check_health(
        ^^^^^^^^^^^^^^^^^^^^^^^^^^^^^^^^^^
    ...<2 lines>...
        lambda error: self.disconnect(error),
        ^^^^^^^^^^^^^^^^^^^^^^^^^^^^^^^^^^^^^
    )
    ^
  File "C:\Users\DREAMWORLD\Desktop\Python\Student_management\studenv\Lib\site-packages\redis\retry.py", line 132, in call_with_retry
    raise error
  File "C:\Users\DREAMWORLD\Desktop\Python\Student_management\studenv\Lib\site-packages\redis\retry.py", line 120, in call_with_retry
    return do()
  File "C:\Users\DREAMWORLD\Desktop\Python\Student_management\studenv\Lib\site-packages\redis\connection.py", line 1029, in <lambda>
    lambda: self.connect_check_health(
            ~~~~~~~~~~~~~~~~~~~~~~~~~^
        check_health=True, retry_socket_connect=False
        ^^^^^^^^^^^^^^^^^^^^^^^^^^^^^^^^^^^^^^^^^^^^^
    ),
    ^
  File "C:\Users\DREAMWORLD\Desktop\Python\Student_management\studenv\Lib\site-packages\redis\connection.py", line 1077, in connect_check_health
    raise e
redis.exceptions.ConnectionError: Error 10061 connecting to 127.0.0.1:6379. No connection could be made because the target machine actively refused it.
ERROR students.exceptions Unhandled exception occurred
Traceback (most recent call last):
  File "C:\Users\DREAMWORLD\Desktop\Python\Student_management\studenv\Lib\site-packages\django_redis\cache.py", line 48, in _decorator
    return method(self, *args, **kwargs)
  File "C:\Users\DREAMWORLD\Desktop\Python\Student_management\studenv\Lib\site-packages\django_redis\cache.py", line 124, in _get
    return self.client.get(key, default=default, version=version, client=client)
           ~~~~~~~~~~~~~~~^^^^^^^^^^^^^^^^^^^^^^^^^^^^^^^^^^^^^^^^^^^^^^^^^^^^^^
  File "C:\Users\DREAMWORLD\Desktop\Python\Student_management\studenv\Lib\site-packages\django_redis\client\default.py", line 362, in get
    raise ConnectionInterrupted(connection=client) from e
django_redis.exceptions.ConnectionInterrupted: Redis ConnectionError: Error 10061 connecting to 127.0.0.1:6379. No connection could be made because the target machine actively refused it.

During handling of the above exception, another exception occurred:

Traceback (most recent call last):
  File "C:\Users\DREAMWORLD\Desktop\Python\Student_management\studenv\Lib\site-packages\rest_framework\views.py", line 503, in dispatch
    self.initial(request, *args, **kwargs)
    ~~~~~~~~~~~~^^^^^^^^^^^^^^^^^^^^^^^^^^
  File "C:\Users\DREAMWORLD\Desktop\Python\Student_management\studenv\Lib\site-packages\sentry_sdk\integrations\django\__init__.py", line 342, in sentry_patched_drf_initial
    return old_drf_initial(self, request, *args, **kwargs)
  File "C:\Users\DREAMWORLD\Desktop\Python\Student_management\studenv\Lib\site-packages\rest_framework\views.py", line 422, in initial
    self.check_throttles(request)
    ~~~~~~~~~~~~~~~~~~~~^^^^^^^^^
  File "C:\Users\DREAMWORLD\Desktop\Python\Student_management\studenv\Lib\site-packages\rest_framework\views.py", line 365, in check_throttles
    if not throttle.allow_request(request, self):
           ~~~~~~~~~~~~~~~~~~~~~~^^^^^^^^^^^^^^^
  File "C:\Users\DREAMWORLD\Desktop\Python\Student_management\studenv\Lib\site-packages\rest_framework\throttling.py", line 123, in allow_request
    self.history = self.cache.get(self.key, [])
                   ~~~~~~~~~~~~~~^^^^^^^^^^^^^^
  File "C:\Users\DREAMWORLD\Desktop\Python\Student_management\studenv\Lib\site-packages\django_redis\cache.py", line 117, in get
    value = self._get(key, default, version, client)
  File "C:\Users\DREAMWORLD\Desktop\Python\Student_management\studenv\Lib\site-packages\django_redis\cache.py", line 55, in _decorator
    raise e.__cause__  # type: ignore[misc] # noqa: B904
    ^^^^^^^^^^^^^^^^^
  File "C:\Users\DREAMWORLD\Desktop\Python\Student_management\studenv\Lib\site-packages\django_redis\client\default.py", line 360, in get
    value = client.get(key)
  File "C:\Users\DREAMWORLD\Desktop\Python\Student_management\studenv\Lib\site-packages\redis\commands\core.py", line 3200, in get
    return self.execute_command("GET", name, keys=[name])
           ~~~~~~~~~~~~~~~~~~~~^^^^^^^^^^^^^^^^^^^^^^^^^^
  File "C:\Users\DREAMWORLD\Desktop\Python\Student_management\studenv\Lib\site-packages\sentry_sdk\integrations\redis\_sync_common.py", line 199, in sentry_patched_execute_command
    value = old_execute_command(self, name, *args, **kwargs)
  File "C:\Users\DREAMWORLD\Desktop\Python\Student_management\studenv\Lib\site-packages\redis\client.py", line 867, in execute_command
    return self._execute_command(*args, **options)
           ~~~~~~~~~~~~~~~~~~~~~^^^^^^^^^^^^^^^^^^
  File "C:\Users\DREAMWORLD\Desktop\Python\Student_management\studenv\Lib\site-packages\redis\client.py", line 873, in _execute_command
    conn = self.connection or pool.get_connection()
                              ~~~~~~~~~~~~~~~~~~~^^
  File "C:\Users\DREAMWORLD\Desktop\Python\Student_management\studenv\Lib\site-packages\redis\utils.py", line 258, in wrapper
    return func(*args, **kwargs)
  File "C:\Users\DREAMWORLD\Desktop\Python\Student_management\studenv\Lib\site-packages\redis\connection.py", line 3273, in get_connection
    connection.connect()
    ~~~~~~~~~~~~~~~~~~^^
  File "C:\Users\DREAMWORLD\Desktop\Python\Student_management\studenv\Lib\site-packages\redis\connection.py", line 1028, in connect
    self.retry.call_with_retry(
    ~~~~~~~~~~~~~~~~~~~~~~~~~~^
        lambda: self.connect_check_health(
        ^^^^^^^^^^^^^^^^^^^^^^^^^^^^^^^^^^
    ...<2 lines>...
        lambda error: self.disconnect(error),
        ^^^^^^^^^^^^^^^^^^^^^^^^^^^^^^^^^^^^^
    )
    ^
  File "C:\Users\DREAMWORLD\Desktop\Python\Student_management\studenv\Lib\site-packages\redis\retry.py", line 132, in call_with_retry
    raise error
  File "C:\Users\DREAMWORLD\Desktop\Python\Student_management\studenv\Lib\site-packages\redis\retry.py", line 120, in call_with_retry
    return do()
  File "C:\Users\DREAMWORLD\Desktop\Python\Student_management\studenv\Lib\site-packages\redis\connection.py", line 1029, in <lambda>
    lambda: self.connect_check_health(
            ~~~~~~~~~~~~~~~~~~~~~~~~~^
        check_health=True, retry_socket_connect=False
        ^^^^^^^^^^^^^^^^^^^^^^^^^^^^^^^^^^^^^^^^^^^^^
    ),
    ^
  File "C:\Users\DREAMWORLD\Desktop\Python\Student_management\studenv\Lib\site-packages\redis\connection.py", line 1077, in connect_check_health
    raise e
redis.exceptions.ConnectionError: Error 10061 connecting to 127.0.0.1:6379. No connection could be made because the target machine actively refused it.
ERROR students.exceptions Unhandled exception occurred
Traceback (most recent call last):
  File "C:\Users\DREAMWORLD\Desktop\Python\Student_management\studenv\Lib\site-packages\django_redis\cache.py", line 48, in _decorator
    return method(self, *args, **kwargs)
  File "C:\Users\DREAMWORLD\Desktop\Python\Student_management\studenv\Lib\site-packages\django_redis\cache.py", line 124, in _get
    return self.client.get(key, default=default, version=version, client=client)
           ~~~~~~~~~~~~~~~^^^^^^^^^^^^^^^^^^^^^^^^^^^^^^^^^^^^^^^^^^^^^^^^^^^^^^
  File "C:\Users\DREAMWORLD\Desktop\Python\Student_management\studenv\Lib\site-packages\django_redis\client\default.py", line 362, in get
    raise ConnectionInterrupted(connection=client) from e
django_redis.exceptions.ConnectionInterrupted: Redis ConnectionError: Error 10061 connecting to 127.0.0.1:6379. No connection could be made because the target machine actively refused it.

During handling of the above exception, another exception occurred:

Traceback (most recent call last):
  File "C:\Users\DREAMWORLD\Desktop\Python\Student_management\studenv\Lib\site-packages\rest_framework\views.py", line 503, in dispatch
    self.initial(request, *args, **kwargs)
    ~~~~~~~~~~~~^^^^^^^^^^^^^^^^^^^^^^^^^^
  File "C:\Users\DREAMWORLD\Desktop\Python\Student_management\studenv\Lib\site-packages\sentry_sdk\integrations\django\__init__.py", line 342, in sentry_patched_drf_initial
    return old_drf_initial(self, request, *args, **kwargs)
  File "C:\Users\DREAMWORLD\Desktop\Python\Student_management\studenv\Lib\site-packages\rest_framework\views.py", line 422, in initial
    self.check_throttles(request)
    ~~~~~~~~~~~~~~~~~~~~^^^^^^^^^
  File "C:\Users\DREAMWORLD\Desktop\Python\Student_management\studenv\Lib\site-packages\rest_framework\views.py", line 365, in check_throttles
    if not throttle.allow_request(request, self):
           ~~~~~~~~~~~~~~~~~~~~~~^^^^^^^^^^^^^^^
  File "C:\Users\DREAMWORLD\Desktop\Python\Student_management\studenv\Lib\site-packages\rest_framework\throttling.py", line 123, in allow_request
    self.history = self.cache.get(self.key, [])
                   ~~~~~~~~~~~~~~^^^^^^^^^^^^^^
  File "C:\Users\DREAMWORLD\Desktop\Python\Student_management\studenv\Lib\site-packages\django_redis\cache.py", line 117, in get
    value = self._get(key, default, version, client)
  File "C:\Users\DREAMWORLD\Desktop\Python\Student_management\studenv\Lib\site-packages\django_redis\cache.py", line 55, in _decorator
    raise e.__cause__  # type: ignore[misc] # noqa: B904
    ^^^^^^^^^^^^^^^^^
  File "C:\Users\DREAMWORLD\Desktop\Python\Student_management\studenv\Lib\site-packages\django_redis\client\default.py", line 360, in get
    value = client.get(key)
  File "C:\Users\DREAMWORLD\Desktop\Python\Student_management\studenv\Lib\site-packages\redis\commands\core.py", line 3200, in get
    return self.execute_command("GET", name, keys=[name])
           ~~~~~~~~~~~~~~~~~~~~^^^^^^^^^^^^^^^^^^^^^^^^^^
  File "C:\Users\DREAMWORLD\Desktop\Python\Student_management\studenv\Lib\site-packages\sentry_sdk\integrations\redis\_sync_common.py", line 199, in sentry_patched_execute_command
    value = old_execute_command(self, name, *args, **kwargs)
  File "C:\Users\DREAMWORLD\Desktop\Python\Student_management\studenv\Lib\site-packages\redis\client.py", line 867, in execute_command
    return self._execute_command(*args, **options)
           ~~~~~~~~~~~~~~~~~~~~~^^^^^^^^^^^^^^^^^^
  File "C:\Users\DREAMWORLD\Desktop\Python\Student_management\studenv\Lib\site-packages\redis\client.py", line 873, in _execute_command
    conn = self.connection or pool.get_connection()
                              ~~~~~~~~~~~~~~~~~~~^^
  File "C:\Users\DREAMWORLD\Desktop\Python\Student_management\studenv\Lib\site-packages\redis\utils.py", line 258, in wrapper
    return func(*args, **kwargs)
  File "C:\Users\DREAMWORLD\Desktop\Python\Student_management\studenv\Lib\site-packages\redis\connection.py", line 3273, in get_connection
    connection.connect()
    ~~~~~~~~~~~~~~~~~~^^
  File "C:\Users\DREAMWORLD\Desktop\Python\Student_management\studenv\Lib\site-packages\redis\connection.py", line 1028, in connect
    self.retry.call_with_retry(
    ~~~~~~~~~~~~~~~~~~~~~~~~~~^
        lambda: self.connect_check_health(
        ^^^^^^^^^^^^^^^^^^^^^^^^^^^^^^^^^^
    ...<2 lines>...
        lambda error: self.disconnect(error),
        ^^^^^^^^^^^^^^^^^^^^^^^^^^^^^^^^^^^^^
    )
    ^
  File "C:\Users\DREAMWORLD\Desktop\Python\Student_management\studenv\Lib\site-packages\redis\retry.py", line 132, in call_with_retry
    raise error
  File "C:\Users\DREAMWORLD\Desktop\Python\Student_management\studenv\Lib\site-packages\redis\retry.py", line 120, in call_with_retry
    return do()
  File "C:\Users\DREAMWORLD\Desktop\Python\Student_management\studenv\Lib\site-packages\redis\connection.py", line 1029, in <lambda>
    lambda: self.connect_check_health(
            ~~~~~~~~~~~~~~~~~~~~~~~~~^
        check_health=True, retry_socket_connect=False
        ^^^^^^^^^^^^^^^^^^^^^^^^^^^^^^^^^^^^^^^^^^^^^
    ),
    ^
  File "C:\Users\DREAMWORLD\Desktop\Python\Student_management\studenv\Lib\site-packages\redis\connection.py", line 1077, in connect_check_health
    raise e
redis.exceptions.ConnectionError: Error 10061 connecting to 127.0.0.1:6379. No connection could be made because the target machine actively refused it.
ERROR students.views 
ERROR students.views 
ERROR students.views 
ERROR students.views 
ERROR students.views 
INFO students.views Student Added Successfully
